2026-04-21 12:07:51,432 [INFO] Loading file: text.txt
2026-04-21 12:07:51,432 [INFO] Loaded 48 characters. Delay: 0.1s per char.
2026-04-21 12:07:51,432 [INFO] Starting in 3 seconds — switch to your target window now...
2026-04-21 12:07:54,441 [INFO] Typing started.
2026-04-21 12:07:59,337 [INFO] Typing complete.
2026-04-21 12:08:31,967 [INFO] Loading file: text.txt
2026-04-21 12:08:31,968 [INFO] Loaded 48 characters. Delay: 0.1s per char.
2026-04-21 12:08:31,968 [INFO] Starting in 3 seconds — switch to your target window now...
2026-04-21 12:08:34,978 [INFO] Typing started.
2026-04-21 12:08:39,871 [INFO] Typing complete.
2026-04-21 12:11:13,719 [INFO] Loading file: text.txt
2026-04-21 12:11:13,720 [INFO] Loaded 48 characters. Delay: 0.1s per char.
2026-04-21 12:11:13,720 [INFO] Starting in 3 seconds — switch to your target window now...
2026-04-21 12:11:18,732 [INFO] Typing started.
2026-04-21 12:11:23,578 [INFO] Typing complete.
2026-04-24 11:09:54,020 [INFO] Loading file: text.txt
2026-04-24 11:09:54,021 [INFO] Loaded 385 characters. Delay: 0.1s per char.
2026-04-24 11:09:54,021 [INFO] Starting in 3 seconds — switch to your target window now...
2026-04-24 11:09:59,031 [INFO] Typing started.
2026-04-24 11:10:37,695 [INFO] Typing complete.
2026-04-24 11:14:55,021 [INFO] Loading file: text.txt
2026-04-24 11:14:55,022 [INFO] Loaded 406 characters. Delay: 0.1s per char.
2026-04-24 11:14:55,022 [INFO] Starting in 3 seconds — switch to your target window now...
2026-04-24 11:15:00,031 [INFO] Typing started.
2026-04-24 11:15:40,788 [INFO] Typing complete.
2026-04-24 11:26:50,534 [INFO] Loading file: text.txt
2026-04-24 11:26:50,534 [INFO] Loaded 860 characters. Delay: 0.1s per char.
2026-04-24 11:26:50,534 [INFO] Starting in 3 seconds — switch to your target window now...
2026-04-24 11:26:55,545 [INFO] Typing started.
2026-04-24 11:27:58,983 [INFO] Taking a 2.4s break after 119 words.
2026-04-24 11:28:24,260 [INFO] Typing complete.
2026-04-24 11:32:17,747 [INFO] Loading file: text.txt
2026-04-24 11:32:17,748 [INFO] Loaded 216 characters. Delay: 0.1s per char.
2026-04-24 11:32:17,748 [INFO] Starting in 3 seconds — switch to your target window now...
2026-04-24 11:32:22,759 [INFO] Typing started.
2026-04-24 11:32:44,471 [INFO] Typing complete.
2026-04-24 11:33:49,050 [INFO] Loading file: text.txt
2026-04-24 11:33:49,050 [INFO] Loaded 448 characters. Delay: 0.1s per char.
2026-04-24 11:33:49,050 [INFO] Starting in 3 seconds — switch to your target window now...
2026-04-24 11:33:54,061 [INFO] Typing started.
2026-04-24 11:34:39,059 [INFO] Typing complete.
2026-04-24 11:36:07,755 [INFO] Loading file: text.txt
2026-04-24 11:36:07,755 [INFO] Loaded 263 characters. Delay: 0.1s per char.
2026-04-24 11:36:07,755 [INFO] Starting in 3 seconds — switch to your target window now...
2026-04-24 11:36:12,765 [INFO] Typing started.
2026-04-24 11:36:39,184 [INFO] Typing complete.
2026-04-24 11:37:20,892 [INFO] Loading file: text.txt
2026-04-24 11:37:20,893 [INFO] Loaded 257 characters. Delay: 0.1s per char.
2026-04-24 11:37:20,893 [INFO] Starting in 3 seconds — switch to your target window now...
2026-04-24 11:37:25,903 [INFO] Typing started.
2026-04-24 11:37:46,080 [WARNING] No mapping for char '’', skipping.
2026-04-24 11:37:51,719 [INFO] Typing complete.
2026-04-24 12:28:42,160 [INFO] Loading file: text.txt
2026-04-24 12:28:42,160 [INFO] Loaded 259 characters. Base delay: 0.1s (will vary 0.10–0.5s per char).
2026-04-24 12:28:42,160 [INFO] Starting in 3 seconds — switch to your target window now...
2026-04-24 12:28:47,173 [INFO] Typing started.
2026-04-24 12:30:37,587 [INFO] Loading file: text.txt
2026-04-24 12:30:37,588 [INFO] Loaded 257 characters. Base delay: 0.1s (will vary 0.10–0.5s per char).
2026-04-24 12:30:37,588 [INFO] Starting in 3 seconds — switch to your target window now...
2026-04-24 12:30:42,600 [INFO] Typing started.
2026-04-24 12:30:44,977 [DEBUG] Simulating typo at char index 33
2026-04-24 12:30:49,459 [DEBUG] Simulating typo at char index 70
2026-04-24 12:30:53,682 [DEBUG] Simulating typo at char index 97
2026-04-24 12:30:58,416 [DEBUG] Simulating typo at char index 132
2026-04-24 12:31:02,359 [DEBUG] Simulating typo at char index 166
2026-04-24 12:31:06,652 [WARNING] No mapping for char '’', skipping.
2026-04-24 12:31:07,314 [DEBUG] Simulating typo at char index 210
2026-04-24 12:31:12,941 [DEBUG] Simulating typo at char index 255
2026-04-24 12:31:24,660 [INFO] Loading file: text.txt
2026-04-24 12:31:24,660 [INFO] Loaded 257 characters. Base delay: 0.1s (will vary 0.10–0.5s per char).
2026-04-24 12:31:24,660 [INFO] Starting in 3 seconds — switch to your target window now...
2026-04-24 12:31:29,670 [INFO] Typing started.
2026-04-24 12:31:32,478 [DEBUG] Simulating typo at char index 40
2026-04-24 12:31:37,407 [DEBUG] Simulating typo at char index 80
2026-04-24 12:31:42,365 [DEBUG] Simulating typo at char index 129
2026-04-24 12:31:46,427 [DEBUG] Simulating typo at char index 156
2026-04-24 12:31:50,528 [DEBUG] Simulating typo at char index 190
2026-04-24 12:31:53,032 [WARNING] No mapping for char '’', skipping.
2026-04-24 12:31:55,752 [DEBUG] Simulating typo at char index 237
2026-04-28 10:07:42,403 [INFO] Loading file: text.txt
2026-04-28 10:07:42,403 [INFO] Loaded 169 characters. Base delay: 0.1s (will vary 0.10–0.5s per char).
2026-04-28 10:07:42,404 [INFO] Starting in 3 seconds — switch to your target window now...
2026-04-28 10:07:47,410 [INFO] Typing started.
2026-04-28 10:07:52,829 [DEBUG] Simulating typo at char index 73
2026-04-28 10:07:58,846 [DEBUG] Simulating typo at char index 126
2026-04-28 10:08:04,029 [INFO] Typing complete.
2026-04-28 10:33:54,581 [INFO] Loading file: text.txt
2026-04-28 10:33:54,581 [INFO] Loaded 421 characters. Base delay: 0.1s (will vary 0.10–0.5s per char).
2026-04-28 10:33:54,581 [INFO] Starting in 3 seconds — switch to your target window now...
2026-04-28 10:33:59,592 [INFO] Typing started.
2026-04-28 10:34:05,143 [DEBUG] Simulating typo at char index 72
2026-04-28 10:34:13,925 [DEBUG] Simulating typo at char index 165
2026-04-28 10:34:20,971 [DEBUG] Simulating typo at char index 233
2026-04-28 10:34:29,419 [DEBUG] Simulating typo at char index 318
2026-04-28 10:34:33,188 [DEBUG] Simulating typo at char index 350
2026-04-28 10:34:38,270 [DEBUG] Simulating typo at char index 393
2026-04-28 10:34:41,849 [INFO] Typing complete.
2026-04-30 09:47:43,314 [INFO] Loading file: text.txt
2026-04-30 09:47:43,314 [INFO] Loaded 199 characters. Base delay: 0.1s (will vary 0.10–0.5s per char).
2026-04-30 09:47:43,314 [INFO] Starting in 3 seconds — switch to your target window now...
2026-04-30 09:47:48,326 [INFO] Typing started.
2026-04-30 09:47:52,615 [DEBUG] Simulating typo at char index 59
2026-04-30 09:47:56,431 [DEBUG] Simulating typo at char index 89
2026-04-30 09:48:04,917 [DEBUG] Simulating typo at char index 179
2026-04-30 09:48:08,821 [INFO] Typing complete.
2026-04-30 09:48:54,151 [INFO] Loading file: text.txt
2026-04-30 09:48:54,152 [INFO] Loaded 199 characters. Base delay: 0.1s (will vary 0.10–0.5s per char).
2026-04-30 09:48:54,152 [INFO] Starting in 3 seconds — switch to your target window now...
2026-04-30 09:48:59,164 [INFO] Typing started.
2026-04-30 09:49:03,785 [DEBUG] Simulating typo at char index 62
2026-04-30 09:49:08,917 [DEBUG] Simulating typo at char index 99
2026-04-30 09:49:14,573 [DEBUG] Simulating typo at char index 159
2026-04-30 09:49:19,516 [INFO] Typing complete.
2026-04-30 09:49:33,992 [INFO] Loading file: text.txt
2026-04-30 09:49:33,992 [INFO] Loaded 199 characters. Base delay: 0.1s (will vary 0.10–0.5s per char).
2026-04-30 09:49:33,992 [INFO] Starting in 3 seconds — switch to your target window now...
2026-04-30 09:49:39,005 [INFO] Typing started.
2026-04-30 09:49:42,404 [DEBUG] Simulating typo at char index 43
2026-04-30 09:49:50,431 [DEBUG] Simulating typo at char index 126
2026-04-30 09:49:57,796 [DEBUG] Simulating typo at char index 198
2026-04-30 09:49:59,485 [INFO] Typing complete.
2026-04-30 09:50:29,576 [INFO] Loading file: text.txt
2026-04-30 09:50:29,576 [INFO] Loaded 199 characters. Base delay: 0.25s (will vary 0.10–0.5s per char).
2026-04-30 09:50:29,576 [INFO] Starting in 3 seconds — switch to your target window now...
2026-04-30 09:50:34,590 [INFO] Typing started.
2026-04-30 09:50:38,389 [DEBUG] Simulating typo at char index 50
2026-04-30 09:50:47,347 [DEBUG] Simulating typo at char index 146
2026-04-30 09:50:53,312 [INFO] Typing complete.
